// Jest Snapshot v1, https://goo.gl/fbAQLP

exports[`should render FormSample correctly 1`] = `
<ContextConsumer>
  <Component />
</ContextConsumer>
`;
