// Jest Snapshot v1, https://goo.gl/fbAQLP

exports[`should render Footer correctly 1`] = `
<footer
  className="fdk-footer"
  style={
    Object {
      "marginBottom": "0",
    }
  }
>
  <div
    className="container"
  >
    <div
      className="row"
    >
      <div
        className="col-md-4"
      >
        <p
          className="fdk-p-footer"
        >
          <a
            href="https://www.digdir.no/om-oss/personvernerklaering/706"
          >
            Personvernerkl√¶ring
            <i
              className="fa fa-external-link fdk-fa-right"
            />
          </a>
          <br />
          <a
            href="https://www.digdir.no/om-oss/personvernerklaering/707"
          >
            Informasjonskapsler
            <i
              className="fa fa-external-link fdk-fa-right"
            />
          </a>
        </p>
      </div>
      <div
        className="col-md-4 text-center"
      >
        <span
          aria-hidden="false"
          className="uu-invisible"
        >
          Felles Datakatalog.
        </span>
        <p
          className="fdk-p-footer"
        >
          Digitaliseringsdirektoratet forvalter Felles datakatalog.
        </p>
      </div>
      <div
        className="col-md-4 text-right"
      >
        <p
          className="fdk-p-footer"
        >
          <a
            href="mailto:fellesdatakatalog@digdir.no"
          >
            <span
              aria-hidden="false"
              className="uu-invisible"
            >
              Mailadresse.
            </span>
            Kontakt:
            fellesdatakatalog@digdir.no
          </a>
        </p>
      </div>
    </div>
  </div>
</footer>
`;
