// Jest Snapshot v1, https://goo.gl/fbAQLP

exports[`should render InputField correctly 1`] = `
<div
  className="pl-2"
>
  <div
    className="d-flex align-items-center"
  >
    <label
      className="fdk-form-label w-100"
      htmlFor="input"
    >
      <span
        className="mb-2 d-block"
      >
        label
      </span>
      <input
        className="form-control"
        name="input"
        type="input"
        value="Datakatalog for RAMSUND OG ROGNAN REVISJON"
      />
    </label>
  </div>
</div>
`;
