// Jest Snapshot v1, https://goo.gl/fbAQLP

exports[`should render SortButtons correctly 1`] = `
<div
  className="d-flex flex-column"
>
  <button
    className="d-flex sortButton transparentButton visibilityHidden"
    name="sortFieldasc"
    onClick={[Function]}
    title="Stigende"
    type="button"
  >
    <i
      className="fa fa-sort-up fdk-color-white"
    />
  </button>
  <button
    className="d-flex sortButton transparentButton "
    name="sortFielddesc"
    onClick={[Function]}
    title="Synkende"
    type="button"
  >
    <i
      className="fa fa-sort-down fdk-color-white"
    />
  </button>
</div>
`;
