// Jest Snapshot v1, https://goo.gl/fbAQLP

exports[`should render FormApiStatus, { renderLandingpage  correctly 1`] = `
<form>
  <div
    className="form-group"
  >
    <withStateHandlers(Component)
      title="Status pÃ¥ API-et"
    />
    <Field
      component={[Function]}
      items={Array []}
      name="statusCode"
      saveObject={false}
      valueKey="code"
    />
  </div>
</form>
`;
