// Jest Snapshot v1, https://goo.gl/fbAQLP

exports[`should render FormType, { renderLandingpage  correctly 1`] = `
<ContextConsumer>
  <Component />
</ContextConsumer>
`;
