// Jest Snapshot v1, https://goo.gl/fbAQLP

exports[`should render InputTitleField correctly 1`] = `
<div>
  <div
    className="d-flex align-items-center"
  >
    <button
      className="fdk-edit ml-2 mt-2 nowrap"
      onClick={[Function]}
      type="button"
    >
      <PencilInlineIcon />
      <Memo()
        id="app.editTitle"
      />
    </button>
  </div>
</div>
`;
