// Jest Snapshot v1, https://goo.gl/fbAQLP

exports[`should render InputTagsDatasetsField correctly 1`] = `
<div
  className="pl-2"
>
  <div
    className="d-flex align-items-center"
  >
    <ReactTags
      addOnBlur={false}
      allowBackspace={true}
      allowNew={false}
      autofocus={false}
      autoresize={true}
      clearInputOnDelete={true}
      delimiterChars={Array []}
      delimiters={
        Array [
          9,
          13,
        ]
      }
      handleAddition={[Function]}
      handleDelete={[Function]}
      handleInputChange={[Function]}
      inputAttributes={Object {}}
      maxSuggestionsLength={6}
      minQueryLength={1}
      placeholder=""
      suggestions={Array []}
      suggestionsFilter={null}
      tagComponent={null}
      tags={
        Array [
          Object {
            "id": "http://brreg.no/catalogs/910244132/datasets/6deb833c-4600-4377-8f9b-db0aacf12710",
            "name": "Tittel datasett",
          },
          Object {
            "id": "http://brreg.no/catalogs/910244132/datasets/6deb833c-4600-4377-8f9b-db0aacf12711",
            "name": "Tittel datasett 1",
          },
        ]
      }
    />
  </div>
</div>
`;
