// Jest Snapshot v1, https://goo.gl/fbAQLP

exports[`should render Standard correctly 1`] = `<div />`;
