// Jest Snapshot v1, https://goo.gl/fbAQLP

exports[`should render FormReference correctly 1`] = `
<form>
  <div
    className="form-group"
  >
    <withStateHandlers(Component)
      terms="Dataset_relation"
      title="Relasjoner"
    />
    <FieldArray
      component={[Function]}
      isReadOnly={false}
      name="references"
      onDeleteFieldAtIndex={[Function]}
    />
  </div>
</form>
`;

exports[`should render renderReference correctly 1`] = `
<div>
  <button
    className="fdk-btn-no-border"
    onClick={[Function]}
    type="button"
  >
    <i
      className="fa fa-plus mr-2"
    />
    Legg til relaterte datasett
  </button>
</div>
`;
