// Jest Snapshot v1, https://goo.gl/fbAQLP

exports[`should render InformationModel correctly 1`] = `""`;
