// Jest Snapshot v1, https://goo.gl/fbAQLP

exports[`should render CheckboxFieldTheme correctly 1`] = `
<div>
  <label
    className="form-check fdk-form-checkbox"
    key="0"
  >
    <input
      checked={false}
      name="themes"
      onChange={[Function]}
      style={
        Object {
          "height": "18px",
          "width": "18px",
        }
      }
      type="checkbox"
    />
    <span
      className="form-check-label fdk-form-check-label mr-3"
    />
    <span />
  </label>
  <label
    className="form-check fdk-form-checkbox"
    key="1"
  >
    <input
      checked={false}
      name="themes"
      onChange={[Function]}
      style={
        Object {
          "height": "18px",
          "width": "18px",
        }
      }
      type="checkbox"
    />
    <span
      className="form-check-label fdk-form-check-label mr-3"
    />
    <span />
  </label>
  <label
    className="form-check fdk-form-checkbox"
    key="2"
  >
    <input
      checked={false}
      name="themes"
      onChange={[Function]}
      style={
        Object {
          "height": "18px",
          "width": "18px",
        }
      }
      type="checkbox"
    />
    <span
      className="form-check-label fdk-form-check-label mr-3"
    />
    <span />
  </label>
  <label
    className="form-check fdk-form-checkbox"
    key="3"
  >
    <input
      checked={false}
      name="themes"
      onChange={[Function]}
      style={
        Object {
          "height": "18px",
          "width": "18px",
        }
      }
      type="checkbox"
    />
    <span
      className="form-check-label fdk-form-check-label mr-3"
    />
    <span />
  </label>
  <label
    className="form-check fdk-form-checkbox"
    key="4"
  >
    <input
      checked={false}
      name="themes"
      onChange={[Function]}
      style={
        Object {
          "height": "18px",
          "width": "18px",
        }
      }
      type="checkbox"
    />
    <span
      className="form-check-label fdk-form-check-label mr-3"
    />
    <span />
  </label>
  <label
    className="form-check fdk-form-checkbox"
    key="5"
  >
    <input
      checked={false}
      name="themes"
      onChange={[Function]}
      style={
        Object {
          "height": "18px",
          "width": "18px",
        }
      }
      type="checkbox"
    />
    <span
      className="form-check-label fdk-form-check-label mr-3"
    />
    <span />
  </label>
  <label
    className="form-check fdk-form-checkbox"
    key="6"
  >
    <input
      checked={false}
      name="themes"
      onChange={[Function]}
      style={
        Object {
          "height": "18px",
          "width": "18px",
        }
      }
      type="checkbox"
    />
    <span
      className="form-check-label fdk-form-check-label mr-3"
    />
    <span />
  </label>
  <label
    className="form-check fdk-form-checkbox"
    key="7"
  >
    <input
      checked={false}
      name="themes"
      onChange={[Function]}
      style={
        Object {
          "height": "18px",
          "width": "18px",
        }
      }
      type="checkbox"
    />
    <span
      className="form-check-label fdk-form-check-label mr-3"
    />
    <span />
  </label>
  <label
    className="form-check fdk-form-checkbox"
    key="8"
  >
    <input
      checked={false}
      name="themes"
      onChange={[Function]}
      style={
        Object {
          "height": "18px",
          "width": "18px",
        }
      }
      type="checkbox"
    />
    <span
      className="form-check-label fdk-form-check-label mr-3"
    />
    <span />
  </label>
  <label
    className="form-check fdk-form-checkbox"
    key="9"
  >
    <input
      checked={false}
      name="themes"
      onChange={[Function]}
      style={
        Object {
          "height": "18px",
          "width": "18px",
        }
      }
      type="checkbox"
    />
    <span
      className="form-check-label fdk-form-check-label mr-3"
    />
    <span />
  </label>
  <label
    className="form-check fdk-form-checkbox"
    key="10"
  >
    <input
      checked={false}
      name="themes"
      onChange={[Function]}
      style={
        Object {
          "height": "18px",
          "width": "18px",
        }
      }
      type="checkbox"
    />
    <span
      className="form-check-label fdk-form-check-label mr-3"
    />
    <span />
  </label>
  <label
    className="form-check fdk-form-checkbox"
    key="11"
  >
    <input
      checked={false}
      name="themes"
      onChange={[Function]}
      style={
        Object {
          "height": "18px",
          "width": "18px",
        }
      }
      type="checkbox"
    />
    <span
      className="form-check-label fdk-form-check-label mr-3"
    />
    <span />
  </label>
  <label
    className="form-check fdk-form-checkbox"
    key="12"
  >
    <input
      checked={false}
      name="themes"
      onChange={[Function]}
      style={
        Object {
          "height": "18px",
          "width": "18px",
        }
      }
      type="checkbox"
    />
    <span
      className="form-check-label fdk-form-check-label mr-3"
    />
    <span />
  </label>
</div>
`;
