// Jest Snapshot v1, https://goo.gl/fbAQLP

exports[`should render FormTitle, { renderLandingpage  correctly 1`] = `
<form>
  <div
    className="form-group"
  >
    <withStateHandlers(Component)
      required={true}
      term="Dataset_title"
      title="Tittel"
    />
    <MultilingualField
      component={[Function]}
      label="Tittel"
      languages={Array []}
      name="title"
      showLabel={false}
    />
  </div>
  <div
    className="form-group"
  >
    <withStateHandlers(Component)
      required={true}
      term="Dataset_description"
      title="Beskrivelse av datasettet"
    />
    <MultilingualField
      component={[Function]}
      label="Beskrivelse"
      languages={Array []}
      name="description"
      showLabel={false}
    />
  </div>
  <div
    className="form-group"
  >
    <withStateHandlers(Component)
      required={true}
      term="Dataset_objective"
      title="Formålet med datasettet"
    />
    <MultilingualField
      component={[Function]}
      label="Formål"
      languages={Array []}
      name="objective"
      showLabel={false}
    />
  </div>
  <div
    className="form-group"
  >
    <withStateHandlers(Component)
      term="Dataset_landingpage"
      title="Lenke til mer informasjon om datasettet"
    />
    <FieldArray
      component={[Function]}
      isReadOnly={false}
      name="landingPage"
    />
  </div>
</form>
`;
