// Jest Snapshot v1, https://goo.gl/fbAQLP

exports[`should render ListItem correctly "DRAFT" item 1`] = `
<div
  className="fdk-list-item d-flex"
>
  <Link
    className="w-100"
    to="/catalogs/123/datasets/1"
  >
    <div
      className="d-flex justify-content-between"
    >
      <span
        className="w-75 fdk-text-size-small"
      >
        Test item
      </span>
      <div
        className="d-flex w-25 justify-content-between"
      >
        <Component
          registrationStatus="DRAFT"
        />
      </div>
    </div>
  </Link>
</div>
`;

exports[`should render ListItem correctly "PUBLISH" item 1`] = `
<div
  className="fdk-list-item d-flex"
>
  <Link
    className="w-100"
    to="/catalogs/123/datasets/1"
  >
    <div
      className="d-flex justify-content-between"
    >
      <span
        className="w-75 fdk-text-size-small"
      >
        Test item
      </span>
      <div
        className="d-flex w-25 justify-content-between"
      >
        <Component
          registrationStatus="PUBLISH"
        />
      </div>
    </div>
  </Link>
</div>
`;

exports[`should render ListItem correctly when missing title 1`] = `
<div
  className="fdk-list-item d-flex"
>
  <Link
    className="w-100"
    to="/catalogs/123/datasets/1"
  >
    <div
      className="d-flex justify-content-between"
    >
      <span
        className="w-75 fdk-text-size-small fdk-color-neutral-darkest"
      >
        Mangler tittel
      </span>
      <div
        className="d-flex w-25 justify-content-between"
      >
        <Component
          registrationStatus="DRAFT"
        />
      </div>
    </div>
  </Link>
</div>
`;

exports[`should render ListItem correctly with no props 1`] = `""`;
