// Jest Snapshot v1, https://goo.gl/fbAQLP

exports[`should render DatasetRegistrationPagePure correctly 1`] = `
<div
  className="container"
>
  <div
    className="row mb-2 mb-md-5"
  >
    <div
      className="col-md-2"
    />
  </div>
</div>
`;
