// Jest Snapshot v1, https://goo.gl/fbAQLP

exports[`should render LanguagePicker correctly 1`] = `
<div
  className="language-picker"
>
  <p>
    <Memo()
      id="lang.choose"
    />
    :
  </p>
  <div
    className="language-button-group"
  />
</div>
`;
