// Jest Snapshot v1, https://goo.gl/fbAQLP

exports[`should render ApiBreadcrumb correctly with no apiItem 1`] = `<span />`;

exports[`should render ApiBreadcrumb with "Dataset" active correctly 1`] = `
<span>
  api title
</span>
`;
