// Jest Snapshot v1, https://goo.gl/fbAQLP

exports[`should render FormConceptPure correctly 1`] = `
<form>
  <div
    className="form-group"
  >
    <withStateHandlers(HelpTextPure)
      recommended={true}
      term="Dataset_content"
      title="Begrep"
    />
    <Field
      component={[Function]}
      name="concepts"
    />
  </div>
  <div
    className="form-group"
  >
    <withStateHandlers(HelpTextPure)
      term="Dataset_keyword"
      title="Søkeord"
    />
    <MultilingualField
      component={[Function]}
      label="Søkeord"
      languages={Array []}
      name="keyword"
      showLabel={false}
    />
  </div>
</form>
`;

exports[`should render FormConceptPure correctly with errors 1`] = `
<form>
  <div
    className="form-group"
  >
    <withStateHandlers(HelpTextPure)
      recommended={true}
      term="Dataset_content"
      title="Begrep"
    />
    <Field
      component={[Function]}
      name="concepts"
    />
  </div>
  <div
    className="form-group"
  >
    <withStateHandlers(HelpTextPure)
      term="Dataset_keyword"
      title="Søkeord"
    />
    <MultilingualField
      component={[Function]}
      label="Søkeord"
      languages={Array []}
      name="keyword"
      showLabel={false}
    />
    <div
      className="alert alert-danger mt-3"
    >
      Feil
    </div>
  </div>
</form>
`;
